SX127X.c:34:19:FSK_init	24	static
SX127X.c:46:19:SX127X_Config	24	static
SX127X.c:207:19:SX127X_Reset	24	static
SX127X.c:217:19:SX127X_set_op_mode	136	static
SX127X.c:240:19:SX127X_set_modulation	136	static
SX127X.c:276:19:SX127X_set_frequency	160	static
SX127X.c:322:19:FSK_WriteToFIFO	152	static
SX127X.c:335:19:FSK_ReadFromFIFO	152	static
SX127X.c:345:19:FSK_Transmit	144	static
SX127X.c:398:19:FSK_BigTransmit	144	static
SX127X.c:441:19:FSK_PutToRXMODE	136	static
SX127X.c:474:19:FSK_ReadPacket	152	static
SX127X.c:552:19:FSK_ReceivePacket	144	static
SX127X.c:580:6:FSK_CheckPayloadReady	136	static
SX127X.c:588:5:FSK_OPModeStatus	136	static
SX127X.c:602:19:SX127X_set_pa_output	24	static
SX127X.c:617:19:SX127X_set_tx_power	136	static
SX127X.c:691:19:SX127X_set_ocp	136	static
SX127X.c:715:19:FSK_set_freq_deviation	152	static
SX127X.c:748:19:FSK_set_bitrate	144	static
SX127X.c:763:19:FSK_set_rx_bandwidth	136	static
SX127X.c:780:19:FSK_set_afc_bandwidth	136	static
SX127X.c:797:19:FSK_set_preamb_len	136	static
SX127X.c:821:19:FSK_set_sync_word	152	static
SX127X.c:867:19:FSK_disable_sync_word	136	static
SX127X.c:883:19:FSK_set_packet_format	136	static
SX127X.c:899:19:FSK_set_data_processing_mode	136	static
SX127X.c:915:19:FSK_set_payload_length	136	static
SX127X.c:938:19:FSK_enable_crc	24	static
SX127X.c:949:19:FSK_disable_crc	24	static
SX127X.c:961:19:FSK_enable_preamble_detector	136	static
SX127X.c:991:19:FSK_disable_preamble_detector	24	static
SX127X.c:1003:19:FSK_set_crc_whitenning_type	24	static
SX127X.c:1018:19:FSK_set_crc_autoclear	24	static
SX127X.c:1034:19:SX127X_set_lna_gain	136	static
SX127X.c:1049:19:SX127X_set_lna_boost	24	static
SX127X.c:1066:19:FSK_set_rssi_offset	136	static
SX127X.c:1082:19:FSK_set_rssi_smoothing	136	static
SX127X.c:1097:19:FSK_get_packet_rssi	136	static
SX127X.c:1114:19:FSK_set_encoding	136	static
SX127X.c:1130:19:FSK_set_data_shaping	136	static
SX127X.c:1146:19:FSK_set_pa_ramp_time	136	static
SX127X.c:1162:19:SX127X_set_DIO_mapping	136	static
SX127X.c:1175:19:FSK_set_auto_restart_RX	136	static
SX127X.c:1192:19:FSK_set_FIFO_threshold	136	static
SX127X.c:1209:19:SX127X_set_bits	136	static
SX127X.c:1223:19:SX127X_clear_bits	136	static
SX127X.c:1241:19:LoRa_set_signal_bandwidth	136	static
SX127X.c:1261:19:LoRa_set_spreading_factor	136	static
SX127X.c:1290:19:LoRa_set_preamble_lenght	136	static
SX127X.c:1299:19:LoRa_set_sync_word	128	static
SX127X.c:1304:19:LoRa_set_coding_rate	136	static
SX127X.c:1317:19:LoRa_enable_crc	136	static
SX127X.c:1328:19:LoRa_disable_crc	136	static
SX127X.c:1340:19:LoRa_explicit_header_mode	136	static
SX127X.c:1351:19:LoRa_implicit_header_mode	136	static
SX127X.c:1363:19:LoRa_set_ldo_flag	144	static
SX127X.c:1392:19:LoRa_get_packet_rssi	136	static
SX127X.c:1403:19:LoRa_get_packet_snr	136	static
SX127X.c:1414:19:LoRa_get_spreading_factor	136	static
SX127X.c:1425:19:LoRa_get_raw_signal_bandwidth	136	static
SX127X.c:1436:19:LoRa_get_signal_bandwidth	24	static
SX127X.c:1447:19:LoRa_raw_sbw_to_long	16	static
SX127X.c:1484:19:SX127X_random	128	static
SX127X.c:1491:19:LoRa_Transmit	144	static
SX127X.c:1559:19:LoRa_ReadPacket	152	static
SX127X.c:1622:19:LoRa_Is_Rx_Done	136	static
SX127X.c:1634:19:LoRa_set_FIFO_base_address	136	static
SX127X.c:1645:19:LoRa_enable_low_data_rate_optimization	136	static
SX127X.c:1660:19:LoRa_disable_low_data_rate_optimization	136	static
